// Jest Snapshot v1, https://goo.gl/fbAQLP

exports[`Background Component Base Render: baseRender 1`] = `
<Memo()>
  <canvas
    className="scheduler-background-canvas"
    id="backgroundCanvas"
    style={
      Object {
        "position": "absolute",
        "zIndex": 1,
      }
    }
  />
</Memo()>
`;
