// Jest Snapshot v1, https://goo.gl/fbAQLP

exports[`CustomTime Component Base Render; no Error: baseRender 1`] = `
<CustomTime>
  <div
    className="scheduler-text custom-time-wrapper"
    id="customTimeWrapper"
    style={
      Object {
        "display": "flex",
        "flexDirection": "column",
        "left": 0,
        "maxWidth": 15,
        "position": "absolute",
        "top": 0,
        "width": 15,
        "zIndex": 6,
      }
    }
  >
    <input
      className="custom-time-input custom-time-input-start"
      id="customTimeInputStart"
      onChange={[Function]}
      step={1}
      style={
        Object {
          "maxWidth": 15,
          "width": 15,
        }
      }
      type="time"
      value="00:00:00"
    />
    <input
      className="custom-time-input custom-time-input-end"
      id="customTimeInputEnd"
      onChange={[Function]}
      step={1}
      style={
        Object {
          "maxWidth": 15,
          "width": 15,
        }
      }
      type="time"
      value="18:00:00"
    />
  </div>
</CustomTime>
`;
