// Jest Snapshot v1, https://goo.gl/fbAQLP

exports[`SchedulerLayout Component Base Render: baseRender 1`] = `
<SchedulerLayout>
  <div
    className="scheduler-layout"
    id="schedulerLayout"
    style={
      Object {
        "display": "grid",
        "gridTemplateColumns": "80px 120px",
        "gridTemplateRows": "80px 0px 20px",
        "height": 100,
        "maxHeight": 100,
        "maxWidth": 200,
        "position": "absolute",
        "width": 200,
        "zIndex": 2,
      }
    }
  >
    <div
      style={
        Object {
          "position": "relative",
        }
      }
    />
    <mockConstructor>
      <div
        id="header"
      >
        Header
      </div>
    </mockConstructor>
    <mockConstructor>
      <div
        id="helper"
      >
        Helper
      </div>
    </mockConstructor>
    <mockConstructor>
      <div
        id="area"
      >
        Area
      </div>
    </mockConstructor>
  </div>
</SchedulerLayout>
`;
